[goarrenovations.com/apply-now/index.html]
[goarrenovations.com/wp-content/uploads/2023/11/goar-renocations.png]
[backblue.gif]
[fade.gif]
[index.html]
[goarrenovations.com/wp-includes/css/dist/block-library/style.minaec2.css]
[goarrenovations.com/wp-content/plugins/contact-form-7/includes/css/stylesc8d8.css]
[goarrenovations.com/wp-content/plugins/embedder-for-google-reviews/dist/css/google-reviews-publicac45.css]
[goarrenovations.com/wp-content/plugins/gravityforms/assets/css/dist/basic.min2539.css]
[goarrenovations.com/wp-content/plugins/gravityforms/assets/css/dist/theme-ie11.min2539.css]
[goarrenovations.com/wp-content/plugins/gravityforms/assets/css/dist/theme.min2539.css]
[goarrenovations.com/wp-content/plugins/gravityforms/assets/css/dist/gravity-forms-theme-reset.min2539.css]
[goarrenovations.com/wp-includes/css/dashicons.minaec2.css]
[goarrenovations.com/wp-content/plugins/gravityforms/assets/css/dist/gravity-forms-theme-foundation.min2539.css]
[goarrenovations.com/wp-content/plugins/gravityforms/assets/css/dist/gravity-forms-theme-framework.min2539.css]
[goarrenovations.com/wp-content/plugins/site-reviews/assets/styles/default6dd4.css]
[goarrenovations.com/wp-content/themes/constructo/css/font-awesome.minaec2.css]
[goarrenovations.com/wp-content/themes/constructo/js/owl/assets/owl.carouselaec2.css]
[goarrenovations.com/wp-content/themes/constructo/css/swipeboxaec2.css]
[goarrenovations.com/wp-content/themes/constructo/css/wordpressaec2.css]
[goarrenovations.com/wp-content/themes/constructo/css/coreaec2.css]
[goarrenovations.com/wp-includes/js/jquery/jquery-migrate.min5589.js]
[goarrenovations.com/wp-includes/js/jquery/jquery.minf43b.js]
[goarrenovations.com/wp-content/plugins/woocommerce/assets/js/jquery-blockui/jquery.blockUI.min64af.js]
[goarrenovations.com/wp-content/plugins/woocommerce/assets/js/frontend/add-to-cart.mined84.js]
[goarrenovations.com/wp-content/plugins/woocommerce/assets/js/js-cookie/js.cookie.minaa02.js]
[goarrenovations.com/wp-content/plugins/woocommerce/assets/js/frontend/woocommerce.mined84.js]
[goarrenovations.com/wp-content/plugins/js_composer/assets/js/vendors/woocommerce-add-to-cart4d6f.js]
[goarrenovations.com/wp-content/plugins/gravityforms/js/jquery.json.min2539.js]
[goarrenovations.com/wp-content/plugins/gravityforms/js/gravityforms.min2539.js]
[goarrenovations.com/wp-content/plugins/gravityforms/assets/js/dist/utils.minc64e.js]
[goarrenovations.com/wp-content/uploads/2023/11/goar-renocations-150x56.png]
[goarrenovations.com/wp-content/plugins/js_composer/assets/lib/bower/font-awesome/css/v4-shims.min4d6f.css]
[goarrenovations.com/wp-content/plugins/js_composer/assets/lib/bower/font-awesome/css/all.min4d6f.css]
[goarrenovations.com/wp-content/plugins/revslider/public/assets/css/rs6f266.css]
[goarrenovations.com/wp-includes/js/comment-reply.minaec2.js]
[goarrenovations.com/wp-content/plugins/contact-form-7/includes/swv/js/indexc8d8.js]
[goarrenovations.com/wp-content/plugins/contact-form-7/includes/js/indexc8d8.js]
[goarrenovations.com/wp-content/plugins/embedder-for-google-reviews/dist/js/public-bundleac45.js]
[goarrenovations.com/wp-content/plugins/revslider/public/assets/js/rbtools.minf266.js]
[goarrenovations.com/wp-includes/js/dist/vendor/wp-polyfill-inert.min0226.js]
[goarrenovations.com/wp-content/plugins/revslider/public/assets/js/rs6.minf266.js]
[goarrenovations.com/wp-includes/js/dist/vendor/regenerator-runtime.min6c85.js]
[goarrenovations.com/wp-includes/js/dist/dom-ready.minded6.js]
[goarrenovations.com/wp-includes/js/dist/hooks.min2ebd.js]
[goarrenovations.com/wp-includes/js/dist/vendor/wp-polyfill.min2c7c.js]
[goarrenovations.com/wp-includes/js/dist/i18n.minf92f.js]
[goarrenovations.com/wp-includes/js/dist/a11y.min866e.js]
[goarrenovations.com/wp-content/plugins/gravityforms/js/jquery.maskedinput.min2539.js]
[goarrenovations.com/wp-content/plugins/gravityforms/assets/js/dist/vendor-theme.minb7e3.js]
[goarrenovations.com/wp-content/plugins/gravityforms/assets/js/dist/scripts-theme.min5eab.js]
[goarrenovations.com/wp-content/plugins/site-reviews/assets/scripts/site-reviews6dd4.js]
[goarrenovations.com/wp-content/themes/constructo/js/quantity_woo23aec2.js]
[goarrenovations.com/wp-content/themes/constructo/js/bootstrap/bootstrap.minaec2.js]
[goarrenovations.com/wp-content/themes/constructo/js/waypointsaec2.js]
[goarrenovations.com/wp-content/themes/constructo/js/parallaxaec2.js]
[goarrenovations.com/wp-content/themes/constructo/js/fullwidth-slideraec2.js]
[goarrenovations.com/wp-content/themes/constructo/js/jquery.swipeboxaec2.js]
[goarrenovations.com/wp-content/themes/constructo/js/counttoaec2.js]
[goarrenovations.com/wp-includes/js/imagesloaded.minbb93.js]
[goarrenovations.com/wp-content/themes/constructo/js/doubletaptogoaec2.js]
[goarrenovations.com/wp-content/themes/constructo/js/owl/owl.carouselaec2.js]
[goarrenovations.com/apply-now/index.html]
[goarrenovations.com/wp-includes/css/dist/block-library/style.minaec2.css]
[goarrenovations.com/wp-content/plugins/contact-form-7/includes/css/stylesc8d8.css]
[goarrenovations.com/wp-content/plugins/embedder-for-google-reviews/dist/css/google-reviews-publicac45.css]
[goarrenovations.com/wp-content/themes/constructo/js/functions8a54.js]
[goarrenovations.com/wp-content/plugins/gravityforms/legacy/css/chosen-sprite.png]
[goarrenovations.com/wp-content/plugins/gravityforms/legacy/css/chosen-sprite@2x.png]
[goarrenovations.com/wp-content/plugins/gravityforms/assets/css/dist/basic.min2539.css]
[goarrenovations.com/wp-content/plugins/gravityforms/assets/css/dist/theme-components.min2539.css]
[goarrenovations.com/wp-content/plugins/gravityforms/assets/css/dist/theme-ie11.min2539.css]
[goarrenovations.com/wp-content/plugins/gravityforms/assets/css/dist/theme.min2539.css]
[goarrenovations.com/wp-includes/css/dashicons.minaec2.css]
[goarrenovations.com/wp-content/plugins/gravityforms/assets/css/dist/gravity-forms-theme-reset.min2539.css]
[goarrenovations.com/wp-content/plugins/gravityforms/images/theme/chosen/chosen-sprite.png]
[goarrenovations.com/wp-content/plugins/gravityforms/images/theme/chosen/chosen-sprite@2x.png]
[goarrenovations.com/wp-content/plugins/gravityforms/assets/css/dist/gravity-forms-theme-foundation.min2539.css]
[goarrenovations.com/wp-content/plugins/gravityforms/assets/css/dist/gravity-forms-theme-framework.min2539.css]
[goarrenovations.com/wp-content/plugins/gravityforms/assets/css/dist/gravity-forms-orbital-theme.min2539.css]
[goarrenovations.com/wp-content/plugins/site-reviews/assets/styles/default6dd4.css]
[goarrenovations.com/wp-content/themes/constructo/css/font-awesome.minaec2.css]
[goarrenovations.com/wp-content/themes/constructo/js/owl/assets/owl.video.play.png]
[goarrenovations.com/wp-content/themes/constructo/js/owl/assets/owl.carouselaec2.css]
[goarrenovations.com/wp-content/themes/constructo/style.css]
[goarrenovations.com/wp-content/themes/constructo-child/styleaec2.css]
[goarrenovations.com/wp-content/themes/constructo/images/swipebox/loader.gif]
[goarrenovations.com/wp-content/themes/constructo/images/swipebox/icons.png]
[goarrenovations.com/wp-content/themes/constructo/css/swipeboxaec2.css]
[goarrenovations.com/wp-content/themes/constructo/css/boxed/image.jpg]
[goarrenovations.com/wp-content/themes/constructo/css/boxed/pattern-2.png]
[goarrenovations.com/wp-content/themes/constructo/css/boxed/pattern-3.png]
[goarrenovations.com/wp-content/themes/constructo/css/boxed/pattern-4.png]
[goarrenovations.com/wp-content/themes/constructo/css/boxed/pattern-5.png]
[goarrenovations.com/wp-content/themes/constructo/css/boxed/pattern-6.png]
[goarrenovations.com/wp-content/themes/constructo/css/boxed/pattern-7.png]
[goarrenovations.com/wp-content/themes/constructo/css/boxed/pattern-8.png]
[goarrenovations.com/wp-content/themes/constructo/css/boxed/pattern-9.png]
[goarrenovations.com/wp-content/themes/constructo/css/boxed/pattern-10.png]
[goarrenovations.com/wp-content/themes/constructo/css/coreaec2.css]
[goarrenovations.com/wp-content/themes/constructo/css/wordpressaec2.css]
[goarrenovations.com/wp-content/themes/constructo/customaec2.css]
[goarrenovations.com/wp-content/plugins/js_composer/assets/lib/bower/font-awesome/css/v4-shims.min4d6f.css]
[goarrenovations.com/wp-content/plugins/js_composer/assets/lib/bower/font-awesome/css/all.min4d6f.css]
[goarrenovations.com/wp-content/plugins/revslider/public/assets/css/openhand.cur]
[goarrenovations.com/wp-content/plugins/revslider/public/assets/css/closedhand.cur]
[goarrenovations.com/wp-content/plugins/revslider/public/assets/assets/gridtile.png]
[goarrenovations.com/wp-content/plugins/revslider/public/assets/assets/gridtile_white.png]
[goarrenovations.com/wp-content/plugins/revslider/public/assets/assets/gridtile_3x3.png]
[goarrenovations.com/wp-content/plugins/revslider/public/assets/assets/gridtile_3x3_white.png]
[goarrenovations.com/wp-content/plugins/revslider/public/assets/assets/coloredbg.png]
[goarrenovations.com/wp-content/plugins/revslider/public/assets/assets/loader.gif]
[goarrenovations.com/wp-content/plugins/revslider/public/assets/css/rs6f266.css]
[goarrenovations.com/wp-content/themes/constructo/style.css]
[goarrenovations.com/wp-content/themes/constructo/css/boxed/pattern-10.html]
